mid: 1000000000000000000 0 2 start: 1000000000000000000 gap: -999999999999999998 amount: 0 placed: 1 prev: 0
mid: 1000000000000000000 4 7 start: 1000000000000000000 gap: -999999999999999993 amount: 0 placed: 1 prev: 0
mid: 1000000000000000000 9 9 start: 1000000000000000000 gap: -999999999999999991 amount: 0 placed: 1 prev: 0
mid: 500000000000000000 0 2 start: 500000000000000000 gap: -499999999999999998 amount: 0 placed: 1 prev: 0
mid: 500000000000000000 4 7 start: 500000000000000000 gap: -499999999999999993 amount: 0 placed: 1 prev: 0
mid: 500000000000000000 9 9 start: 500000000000000000 gap: -499999999999999991 amount: 0 placed: 1 prev: 0
mid: 250000000000000000 0 2 start: 250000000000000000 gap: -249999999999999998 amount: 0 placed: 1 prev: 0
mid: 250000000000000000 4 7 start: 250000000000000000 gap: -249999999999999993 amount: 0 placed: 1 prev: 0
mid: 250000000000000000 9 9 start: 250000000000000000 gap: -249999999999999991 amount: 0 placed: 1 prev: 0
mid: 125000000000000000 0 2 start: 125000000000000000 gap: -124999999999999998 amount: 0 placed: 1 prev: 0
mid: 125000000000000000 4 7 start: 125000000000000000 gap: -124999999999999993 amount: 0 placed: 1 prev: 0
mid: 125000000000000000 9 9 start: 125000000000000000 gap: -124999999999999991 amount: 0 placed: 1 prev: 0
mid: 62500000000000000 0 2 start: 62500000000000000 gap: -62499999999999998 amount: 0 placed: 1 prev: 0
mid: 62500000000000000 4 7 start: 62500000000000000 gap: -62499999999999993 amount: 0 placed: 1 prev: 0
mid: 62500000000000000 9 9 start: 62500000000000000 gap: -62499999999999991 amount: 0 placed: 1 prev: 0
mid: 31250000000000000 0 2 start: 31250000000000000 gap: -31249999999999998 amount: 0 placed: 1 prev: 0
mid: 31250000000000000 4 7 start: 31250000000000000 gap: -31249999999999993 amount: 0 placed: 1 prev: 0
mid: 31250000000000000 9 9 start: 31250000000000000 gap: -31249999999999991 amount: 0 placed: 1 prev: 0
mid: 15625000000000000 0 2 start: 15625000000000000 gap: -15624999999999998 amount: 0 placed: 1 prev: 0
mid: 15625000000000000 4 7 start: 15625000000000000 gap: -15624999999999993 amount: 0 placed: 1 prev: 0
mid: 15625000000000000 9 9 start: 15625000000000000 gap: -15624999999999991 amount: 0 placed: 1 prev: 0
mid: 7812500000000000 0 2 start: 7812500000000000 gap: -7812499999999998 amount: 0 placed: 1 prev: 0
mid: 7812500000000000 4 7 start: 7812500000000000 gap: -7812499999999993 amount: 0 placed: 1 prev: 0
mid: 7812500000000000 9 9 start: 7812500000000000 gap: -7812499999999991 amount: 0 placed: 1 prev: 0
mid: 3906250000000000 0 2 start: 3906250000000000 gap: -3906249999999998 amount: 0 placed: 1 prev: 0
mid: 3906250000000000 4 7 start: 3906250000000000 gap: -3906249999999993 amount: 0 placed: 1 prev: 0
mid: 3906250000000000 9 9 start: 3906250000000000 gap: -3906249999999991 amount: 0 placed: 1 prev: 0
mid: 1953125000000000 0 2 start: 1953125000000000 gap: -1953124999999998 amount: 0 placed: 1 prev: 0
mid: 1953125000000000 4 7 start: 1953125000000000 gap: -1953124999999993 amount: 0 placed: 1 prev: 0
mid: 1953125000000000 9 9 start: 1953125000000000 gap: -1953124999999991 amount: 0 placed: 1 prev: 0
mid: 976562500000000 0 2 start: 976562500000000 gap: -976562499999998 amount: 0 placed: 1 prev: 0
mid: 976562500000000 4 7 start: 976562500000000 gap: -976562499999993 amount: 0 placed: 1 prev: 0
mid: 976562500000000 9 9 start: 976562500000000 gap: -976562499999991 amount: 0 placed: 1 prev: 0
mid: 488281250000000 0 2 start: 488281250000000 gap: -488281249999998 amount: 0 placed: 1 prev: 0
mid: 488281250000000 4 7 start: 488281250000000 gap: -488281249999993 amount: 0 placed: 1 prev: 0
mid: 488281250000000 9 9 start: 488281250000000 gap: -488281249999991 amount: 0 placed: 1 prev: 0
mid: 244140625000000 0 2 start: 244140625000000 gap: -244140624999998 amount: 0 placed: 1 prev: 0
mid: 244140625000000 4 7 start: 244140625000000 gap: -244140624999993 amount: 0 placed: 1 prev: 0
mid: 244140625000000 9 9 start: 244140625000000 gap: -244140624999991 amount: 0 placed: 1 prev: 0
mid: 122070312500000 0 2 start: 122070312500000 gap: -122070312499998 amount: 0 placed: 1 prev: 0
mid: 122070312500000 4 7 start: 122070312500000 gap: -122070312499993 amount: 0 placed: 1 prev: 0
mid: 122070312500000 9 9 start: 122070312500000 gap: -122070312499991 amount: 0 placed: 1 prev: 0
mid: 61035156250000 0 2 start: 61035156250000 gap: -61035156249998 amount: 0 placed: 1 prev: 0
mid: 61035156250000 4 7 start: 61035156250000 gap: -61035156249993 amount: 0 placed: 1 prev: 0
mid: 61035156250000 9 9 start: 61035156250000 gap: -61035156249991 amount: 0 placed: 1 prev: 0
mid: 30517578125000 0 2 start: 30517578125000 gap: -30517578124998 amount: 0 placed: 1 prev: 0
mid: 30517578125000 4 7 start: 30517578125000 gap: -30517578124993 amount: 0 placed: 1 prev: 0
mid: 30517578125000 9 9 start: 30517578125000 gap: -30517578124991 amount: 0 placed: 1 prev: 0
mid: 15258789062500 0 2 start: 15258789062500 gap: -15258789062498 amount: 0 placed: 1 prev: 0
mid: 15258789062500 4 7 start: 15258789062500 gap: -15258789062493 amount: 0 placed: 1 prev: 0
mid: 15258789062500 9 9 start: 15258789062500 gap: -15258789062491 amount: 0 placed: 1 prev: 0
mid: 7629394531250 0 2 start: 7629394531250 gap: -7629394531248 amount: 0 placed: 1 prev: 0
mid: 7629394531250 4 7 start: 7629394531250 gap: -7629394531243 amount: 0 placed: 1 prev: 0
mid: 7629394531250 9 9 start: 7629394531250 gap: -7629394531241 amount: 0 placed: 1 prev: 0
mid: 3814697265625 0 2 start: 3814697265625 gap: -3814697265623 amount: 0 placed: 1 prev: 0
mid: 3814697265625 4 7 start: 3814697265625 gap: -3814697265618 amount: 0 placed: 1 prev: 0
mid: 3814697265625 9 9 start: 3814697265625 gap: -3814697265616 amount: 0 placed: 1 prev: 0
mid: 1907348632812 0 2 start: 1907348632812 gap: -1907348632810 amount: 0 placed: 1 prev: 0
mid: 1907348632812 4 7 start: 1907348632812 gap: -1907348632805 amount: 0 placed: 1 prev: 0
mid: 1907348632812 9 9 start: 1907348632812 gap: -1907348632803 amount: 0 placed: 1 prev: 0
mid: 953674316406 0 2 start: 953674316406 gap: -953674316404 amount: 0 placed: 1 prev: 0
mid: 953674316406 4 7 start: 953674316406 gap: -953674316399 amount: 0 placed: 1 prev: 0
mid: 953674316406 9 9 start: 953674316406 gap: -953674316397 amount: 0 placed: 1 prev: 0
mid: 476837158203 0 2 start: 476837158203 gap: -476837158201 amount: 0 placed: 1 prev: 0
mid: 476837158203 4 7 start: 476837158203 gap: -476837158196 amount: 0 placed: 1 prev: 0
mid: 476837158203 9 9 start: 476837158203 gap: -476837158194 amount: 0 placed: 1 prev: 0
mid: 238418579101 0 2 start: 238418579101 gap: -238418579099 amount: 0 placed: 1 prev: 0
mid: 238418579101 4 7 start: 238418579101 gap: -238418579094 amount: 0 placed: 1 prev: 0
mid: 238418579101 9 9 start: 238418579101 gap: -238418579092 amount: 0 placed: 1 prev: 0
mid: 119209289550 0 2 start: 119209289550 gap: -119209289548 amount: 0 placed: 1 prev: 0
mid: 119209289550 4 7 start: 119209289550 gap: -119209289543 amount: 0 placed: 1 prev: 0
mid: 119209289550 9 9 start: 119209289550 gap: -119209289541 amount: 0 placed: 1 prev: 0
mid: 59604644775 0 2 start: 59604644775 gap: -59604644773 amount: 0 placed: 1 prev: 0
mid: 59604644775 4 7 start: 59604644775 gap: -59604644768 amount: 0 placed: 1 prev: 0
mid: 59604644775 9 9 start: 59604644775 gap: -59604644766 amount: 0 placed: 1 prev: 0
mid: 29802322387 0 2 start: 29802322387 gap: -29802322385 amount: 0 placed: 1 prev: 0
mid: 29802322387 4 7 start: 29802322387 gap: -29802322380 amount: 0 placed: 1 prev: 0
mid: 29802322387 9 9 start: 29802322387 gap: -29802322378 amount: 0 placed: 1 prev: 0
mid: 14901161193 0 2 start: 14901161193 gap: -14901161191 amount: 0 placed: 1 prev: 0
mid: 14901161193 4 7 start: 14901161193 gap: -14901161186 amount: 0 placed: 1 prev: 0
mid: 14901161193 9 9 start: 14901161193 gap: -14901161184 amount: 0 placed: 1 prev: 0
mid: 7450580596 0 2 start: 7450580596 gap: -7450580594 amount: 0 placed: 1 prev: 0
mid: 7450580596 4 7 start: 7450580596 gap: -7450580589 amount: 0 placed: 1 prev: 0
mid: 7450580596 9 9 start: 7450580596 gap: -7450580587 amount: 0 placed: 1 prev: 0
mid: 3725290298 0 2 start: 3725290298 gap: -3725290296 amount: 0 placed: 1 prev: 0
mid: 3725290298 4 7 start: 3725290298 gap: -3725290291 amount: 0 placed: 1 prev: 0
mid: 3725290298 9 9 start: 3725290298 gap: -3725290289 amount: 0 placed: 1 prev: 0
mid: 1862645149 0 2 start: 1862645149 gap: -1862645147 amount: 0 placed: 1 prev: 0
mid: 1862645149 4 7 start: 1862645149 gap: -1862645142 amount: 0 placed: 1 prev: 0
mid: 1862645149 9 9 start: 1862645149 gap: -1862645140 amount: 0 placed: 1 prev: 0
mid: 931322574 0 2 start: 931322574 gap: -931322572 amount: 0 placed: 1 prev: 0
mid: 931322574 4 7 start: 931322574 gap: -931322567 amount: 0 placed: 1 prev: 0
mid: 931322574 9 9 start: 931322574 gap: -931322565 amount: 0 placed: 1 prev: 0
mid: 465661287 0 2 start: 465661287 gap: -465661285 amount: 0 placed: 1 prev: 0
mid: 465661287 4 7 start: 465661287 gap: -465661280 amount: 0 placed: 1 prev: 0
mid: 465661287 9 9 start: 465661287 gap: -465661278 amount: 0 placed: 1 prev: 0
mid: 232830643 0 2 start: 232830643 gap: -232830641 amount: 0 placed: 1 prev: 0
mid: 232830643 4 7 start: 232830643 gap: -232830636 amount: 0 placed: 1 prev: 0
mid: 232830643 9 9 start: 232830643 gap: -232830634 amount: 0 placed: 1 prev: 0
mid: 116415321 0 2 start: 116415321 gap: -116415319 amount: 0 placed: 1 prev: 0
mid: 116415321 4 7 start: 116415321 gap: -116415314 amount: 0 placed: 1 prev: 0
mid: 116415321 9 9 start: 116415321 gap: -116415312 amount: 0 placed: 1 prev: 0
mid: 58207660 0 2 start: 58207660 gap: -58207658 amount: 0 placed: 1 prev: 0
mid: 58207660 4 7 start: 58207660 gap: -58207653 amount: 0 placed: 1 prev: 0
mid: 58207660 9 9 start: 58207660 gap: -58207651 amount: 0 placed: 1 prev: 0
mid: 29103830 0 2 start: 29103830 gap: -29103828 amount: 0 placed: 1 prev: 0
mid: 29103830 4 7 start: 29103830 gap: -29103823 amount: 0 placed: 1 prev: 0
mid: 29103830 9 9 start: 29103830 gap: -29103821 amount: 0 placed: 1 prev: 0
mid: 14551915 0 2 start: 14551915 gap: -14551913 amount: 0 placed: 1 prev: 0
mid: 14551915 4 7 start: 14551915 gap: -14551908 amount: 0 placed: 1 prev: 0
mid: 14551915 9 9 start: 14551915 gap: -14551906 amount: 0 placed: 1 prev: 0
mid: 7275957 0 2 start: 7275957 gap: -7275955 amount: 0 placed: 1 prev: 0
mid: 7275957 4 7 start: 7275957 gap: -7275950 amount: 0 placed: 1 prev: 0
mid: 7275957 9 9 start: 7275957 gap: -7275948 amount: 0 placed: 1 prev: 0
mid: 3637978 0 2 start: 3637978 gap: -3637976 amount: 0 placed: 1 prev: 0
mid: 3637978 4 7 start: 3637978 gap: -3637971 amount: 0 placed: 1 prev: 0
mid: 3637978 9 9 start: 3637978 gap: -3637969 amount: 0 placed: 1 prev: 0
mid: 1818989 0 2 start: 1818989 gap: -1818987 amount: 0 placed: 1 prev: 0
mid: 1818989 4 7 start: 1818989 gap: -1818982 amount: 0 placed: 1 prev: 0
mid: 1818989 9 9 start: 1818989 gap: -1818980 amount: 0 placed: 1 prev: 0
mid: 909494 0 2 start: 909494 gap: -909492 amount: 0 placed: 1 prev: 0
mid: 909494 4 7 start: 909494 gap: -909487 amount: 0 placed: 1 prev: 0
mid: 909494 9 9 start: 909494 gap: -909485 amount: 0 placed: 1 prev: 0
mid: 454747 0 2 start: 454747 gap: -454745 amount: 0 placed: 1 prev: 0
mid: 454747 4 7 start: 454747 gap: -454740 amount: 0 placed: 1 prev: 0
mid: 454747 9 9 start: 454747 gap: -454738 amount: 0 placed: 1 prev: 0
mid: 227373 0 2 start: 227373 gap: -227371 amount: 0 placed: 1 prev: 0
mid: 227373 4 7 start: 227373 gap: -227366 amount: 0 placed: 1 prev: 0
mid: 227373 9 9 start: 227373 gap: -227364 amount: 0 placed: 1 prev: 0
mid: 113686 0 2 start: 113686 gap: -113684 amount: 0 placed: 1 prev: 0
mid: 113686 4 7 start: 113686 gap: -113679 amount: 0 placed: 1 prev: 0
mid: 113686 9 9 start: 113686 gap: -113677 amount: 0 placed: 1 prev: 0
mid: 56843 0 2 start: 56843 gap: -56841 amount: 0 placed: 1 prev: 0
mid: 56843 4 7 start: 56843 gap: -56836 amount: 0 placed: 1 prev: 0
mid: 56843 9 9 start: 56843 gap: -56834 amount: 0 placed: 1 prev: 0
mid: 28421 0 2 start: 28421 gap: -28419 amount: 0 placed: 1 prev: 0
mid: 28421 4 7 start: 28421 gap: -28414 amount: 0 placed: 1 prev: 0
mid: 28421 9 9 start: 28421 gap: -28412 amount: 0 placed: 1 prev: 0
mid: 14210 0 2 start: 14210 gap: -14208 amount: 0 placed: 1 prev: 0
mid: 14210 4 7 start: 14210 gap: -14203 amount: 0 placed: 1 prev: 0
mid: 14210 9 9 start: 14210 gap: -14201 amount: 0 placed: 1 prev: 0
mid: 7105 0 2 start: 7105 gap: -7103 amount: 0 placed: 1 prev: 0
mid: 7105 4 7 start: 7105 gap: -7098 amount: 0 placed: 1 prev: 0
mid: 7105 9 9 start: 7105 gap: -7096 amount: 0 placed: 1 prev: 0
mid: 3552 0 2 start: 3552 gap: -3550 amount: 0 placed: 1 prev: 0
mid: 3552 4 7 start: 3552 gap: -3545 amount: 0 placed: 1 prev: 0
mid: 3552 9 9 start: 3552 gap: -3543 amount: 0 placed: 1 prev: 0
mid: 1776 0 2 start: 1776 gap: -1774 amount: 0 placed: 1 prev: 0
mid: 1776 4 7 start: 1776 gap: -1769 amount: 0 placed: 1 prev: 0
mid: 1776 9 9 start: 1776 gap: -1767 amount: 0 placed: 1 prev: 0
mid: 888 0 2 start: 888 gap: -886 amount: 0 placed: 1 prev: 0
mid: 888 4 7 start: 888 gap: -881 amount: 0 placed: 1 prev: 0
mid: 888 9 9 start: 888 gap: -879 amount: 0 placed: 1 prev: 0
mid: 444 0 2 start: 444 gap: -442 amount: 0 placed: 1 prev: 0
mid: 444 4 7 start: 444 gap: -437 amount: 0 placed: 1 prev: 0
mid: 444 9 9 start: 444 gap: -435 amount: 0 placed: 1 prev: 0
mid: 222 0 2 start: 222 gap: -220 amount: 0 placed: 1 prev: 0
mid: 222 4 7 start: 222 gap: -215 amount: 0 placed: 1 prev: 0
mid: 222 9 9 start: 222 gap: -213 amount: 0 placed: 1 prev: 0
mid: 111 0 2 start: 111 gap: -109 amount: 0 placed: 1 prev: 0
mid: 111 4 7 start: 111 gap: -104 amount: 0 placed: 1 prev: 0
mid: 111 9 9 start: 111 gap: -102 amount: 0 placed: 1 prev: 0
mid: 55 0 2 start: 55 gap: -53 amount: 0 placed: 1 prev: 0
mid: 55 4 7 start: 55 gap: -48 amount: 0 placed: 1 prev: 0
mid: 55 9 9 start: 55 gap: -46 amount: 0 placed: 1 prev: 0
mid: 27 0 2 start: 27 gap: -25 amount: 0 placed: 1 prev: 0
mid: 27 4 7 start: 27 gap: -20 amount: 0 placed: 1 prev: 0
mid: 27 9 9 start: 27 gap: -18 amount: 0 placed: 1 prev: 0
mid: 13 0 2 start: 13 gap: -11 amount: 0 placed: 1 prev: 0
mid: 13 4 7 start: 13 gap: -6 amount: 0 placed: 1 prev: 0
mid: 13 9 9 start: 13 gap: -4 amount: 0 placed: 1 prev: 0
mid: 6 0 2 start: 6 gap: -4 amount: 0 placed: 1 prev: 0
mid: 6 4 7 start: 6 gap: 1 amount: 1 placed: 2 prev: 6
mid: 6 9 9 start: 12 gap: -3 amount: 0 placed: 2 prev: 6
mid: 3 0 2 start: 3 gap: -1 amount: 0 placed: 1 prev: 0
mid: 3 4 7 start: 3 gap: 3 amount: 2 placed: 3 prev: 7
mid: 3 9 9 start: 10 gap: -1 amount: 0 placed: 3 prev: 7
mid: 1 0 2 start: 1 gap: 1 amount: 2 placed: 3 prev: 2
mid: 1 4 7 start: 3 gap: 3 amount: 4 placed: 7 prev: 7
mid: 1 9 9 start: 8 gap: 0 amount: 1 placed: 8 prev: 9
mid: 2 0 2 start: 2 gap: 0 amount: 1 placed: 2 prev: 2
mid: 2 4 7 start: 4 gap: 3 amount: 2 placed: 4 prev: 6
mid: 2 9 9 start: 8 gap: 0 amount: 1 placed: 5 prev: 9
2
