1 76 75
1 76 75
1 76 75
1 76 75
1 76 75
1 76 75
1 76 75
1 76 75
1 76 75
1 76 75
1 76 75
1 76 75
1 76 75
1 76 75
1 76 75
1 76 75
1 76 75
1 76 75
1 76 75
1 76 75
1 76 75
1 76 75
1 76 75
1 76 75
1 76 75
1 76 75
1 76 75
1 76 75
1 76 75
1 76 75
1 76 75
1 76 75
1 76 75
1 76 75
1 76 75
1 76 75
1 76 75
1 76 75
1 76 75
1 76 75
-5 30 35
-5 30 35
-5 30 35
-5 30 35
-5 30 35
-5 30 35
-5 30 35
-5 30 35
-5 30 35
-5 30 35
-5 30 35
-5 30 35
-5 30 35
-5 30 35
-5 30 35
-5 30 35
-5 30 35
-5 30 35
-5 30 35
-5 30 35
5 40 35
5 40 35
5 40 35
5 40 35
5 40 35
5 40 35
5 40 35
5 40 35
5 40 35
5 40 35
5 40 35
5 40 35
5 40 35
5 40 35
5 40 35
5 40 35
5 40 35
5 40 35
5 40 35
5 40 35
5 40 35
5 40 35
5 40 35
5 40 35
5 40 35
5 40 35
5 40 35
5 40 35
5 40 35
5 40 35
-5 40 45
-5 40 45
-5 40 45
-5 40 45
-5 40 45
-5 40 45
-5 40 45
-5 40 45
-5 40 45
-5 40 45
max: 5
